#0 building with "desktop-linux" instance using docker driver

#1 [internal] load build definition from Dockerfile
#1 transferring dockerfile:
#1 transferring dockerfile: 2.51kB 0.0s done
#1 DONE 0.3s

#2 [internal] load metadata for docker.io/library/nginx:stable-alpine
#2 ...

#3 [internal] load metadata for docker.io/library/node:18-alpine
#3 DONE 1.3s

#2 [internal] load metadata for docker.io/library/nginx:stable-alpine
#2 DONE 1.4s

#4 [internal] load .dockerignore
#4 transferring context: 616B 0.0s done
#4 DONE 0.1s

#5 [internal] load build context
#5 DONE 0.0s

#6 [stage-2 1/6] FROM docker.io/library/nginx:stable-alpine@sha256:0272e4604ed93c1792f03695a033a6e8546840f86e0de20a884bb17d2c924883
#6 resolve docker.io/library/nginx:stable-alpine@sha256:0272e4604ed93c1792f03695a033a6e8546840f86e0de20a884bb17d2c924883
#6 resolve docker.io/library/nginx:stable-alpine@sha256:0272e4604ed93c1792f03695a033a6e8546840f86e0de20a884bb17d2c924883 0.4s done
#6 DONE 0.4s

#7 [deps 1/5] FROM docker.io/library/node:18-alpine@sha256:8d6421d663b4c28fd3ebc498332f249011d118945588d0a35cb9bc4b8ca09d9e
#7 resolve docker.io/library/node:18-alpine@sha256:8d6421d663b4c28fd3ebc498332f249011d118945588d0a35cb9bc4b8ca09d9e 0.4s done
#7 DONE 0.4s

#5 [internal] load build context
#5 transferring context: 185.14kB 19.6s
#5 transferring context: 247.36kB 19.9s done
#5 DONE 20.0s

#8 [stage-2 2/6] RUN rm -f /etc/nginx/conf.d/default.conf
#8 CACHED

#9 [stage-2 3/6] COPY gbp-main/nginx.conf /etc/nginx/conf.d/default.conf
#9 CACHED

#10 [build 3/8] WORKDIR /app
#10 CACHED

#11 [build 2/8] RUN apk add --no-cache --update     python3     make     g++     && rm -rf /var/cache/apk/*
#11 CACHED

#12 [build 4/8] COPY gbp-main/package*.json ./
#12 CACHED

#13 [deps 3/5] WORKDIR /app
#13 CACHED

#14 [deps 2/5] RUN apk add --no-cache --update     python3     make     g++     git     curl     && rm -rf /var/cache/apk/*
#14 CACHED

#15 [deps 4/5] COPY gbp-main/package*.json ./
#15 CACHED

#16 [deps 5/5] RUN npm cache clean --force     && npm config set fetch-retries 5     && npm config set fetch-retry-mintimeout 20000     && npm config set fetch-retry-maxtimeout 120000     && NODE_OPTIONS="--max_old_space_size=4096" npm ci --omit=dev --no-audit --prefer-offline     && rm -rf /root/.npm/_cacache
#16 CACHED

#17 [build 5/8] COPY --from=deps /app/node_modules ./node_modules
#17 DONE 308.8s

#18 [build 6/8] COPY gbp-main/ .
#18 DONE 57.4s

#19 [build 7/8] RUN npm cache clean --force     && npm config set fetch-retries 5     && npm config set fetch-retry-mintimeout 20000     && npm config set fetch-retry-maxtimeout 120000     && npm ci --no-audit --prefer-offline
#19 7.827 npm warn using --force Recommended protections disabled.
